// Jest Snapshot v1, https://goo.gl/fbAQLP

exports[`c-main should handle the member change event 1`] = `
<c-main
  x-test_main-host=""
>
  #shadow-root(open)
    <div
      class="main-container"
      x-test_main=""
    >
      <c-member-skills
        x-test_main=""
        x-test_memberskills-host=""
      >
        #shadow-root(open)
          <div
            class="main-member-container"
            x-test_memberskills=""
          >
            <div
              class="member-skills-container"
              x-test_memberskills=""
            >
              <div
                class="labels-container"
                x-test_memberskills=""
              >
                <label
                  for="[shadow:guid]"
                  x-test_memberskills=""
                >
                  Name:
                </label>
                <label
                  for="[shadow:guid]"
                  x-test_memberskills=""
                >
                  Team:
                </label>
                <label
                  for="[shadow:guid]"
                  x-test_memberskills=""
                >
                  Skills:
                </label>
              </div>
              <div
                class="inputs-container"
                x-test_memberskills=""
              >
                <form
                  x-test_memberskills=""
                >
                  <input
                    id="[shadow:guid]"
                    minlength="4"
                    name="member-name"
                    required=""
                    type="text"
                    x-test_memberskills=""
                  />
                  <select
                    name="member-team-name"
                    required=""
                    x-test_memberskills=""
                  >
                    <option
                      value="a002t00000RfotWAAR"
                      x-test_memberskills=""
                    >
                      M14
                    </option>
                    <option
                      value="a002t00000RfotXAAR"
                      x-test_memberskills=""
                    >
                      M15
                    </option>
                    <option
                      value="a002t00000RfotbAAB"
                      x-test_memberskills=""
                    >
                      M16
                    </option>
                    <option
                      value="a002t00000RfotgAAB"
                      x-test_memberskills=""
                    >
                      M17
                    </option>
                  </select>
                  <input
                    id="[shadow:guid]"
                    name="member-skills"
                    required=""
                    type="text"
                    x-test_memberskills=""
                  />
                  <input
                    class="submit-button"
                    type="submit"
                    value="Submit"
                    x-test_memberskills=""
                  />
                </form>
              </div>
            </div>
          </div>
      </c-member-skills>
      <c-team-list
        x-test_main=""
        x-test_teamlist-host=""
      >
        #shadow-root(open)
          <div
            class="team-list-container"
            x-test_teamlist=""
          >
            <div
              class="team-selection-container"
              x-test_teamlist=""
            >
              <p
                class="team-selection-input-label"
                x-test_teamlist=""
              >
                Please select the Team: 
              </p>
              <select
                name="member-team-name"
                required=""
                x-test_teamlist=""
              >
                <option
                  value="a002t00000RfotWAAR"
                  x-test_teamlist=""
                >
                  M14
                </option>
                <option
                  value="a002t00000RfotXAAR"
                  x-test_teamlist=""
                >
                  M15
                </option>
                <option
                  value="a002t00000RfotbAAB"
                  x-test_teamlist=""
                >
                  M16
                </option>
                <option
                  value="a002t00000RfotgAAB"
                  x-test_teamlist=""
                >
                  M17
                </option>
              </select>
            </div>
            <div
              x-test_teamlist=""
            >
              <p
                x-test_teamlist=""
              >
                Please select a team to display the team members
              </p>
            </div>
            <div
              class="members-list"
              x-test_teamlist=""
            />
          </div>
      </c-team-list>
    </div>
</c-main>
`;
